// Jest Snapshot v1, https://goo.gl/fbAQLP

exports[`<Navigation /> should render the Title Component correctly 1`] = `
ShallowWrapper {
  Symbol(enzyme.__root__): [Circular],
  Symbol(enzyme.__unrendered__): <Navigation />,
  Symbol(enzyme.__renderer__): Object {
    "batchedUpdates": [Function],
    "checkPropTypes": [Function],
    "getNode": [Function],
    "render": [Function],
    "simulateError": [Function],
    "simulateEvent": [Function],
    "unmount": [Function],
  },
  Symbol(enzyme.__node__): Object {
    "instance": null,
    "key": undefined,
    "nodeType": "host",
    "props": Object {
      "children": <ul
        className="navbar-nav"
      >
        <li
          className="navbar-item"
        >
          <ForwardRef
            className="navbar-link"
            title="Top"
            to="/"
          >
            Top
          </ForwardRef>
        </li>
        <li
          className="navbar-item"
        >
          <ForwardRef
            className="navbar-link"
            title="New"
            to="/some-url"
          >
            New
          </ForwardRef>
        </li>
      </ul>,
      "className": "navbar",
    },
    "ref": null,
    "rendered": Object {
      "instance": null,
      "key": undefined,
      "nodeType": "host",
      "props": Object {
        "children": Array [
          <li
            className="navbar-item"
          >
            <ForwardRef
              className="navbar-link"
              title="Top"
              to="/"
            >
              Top
            </ForwardRef>
          </li>,
          <li
            className="navbar-item"
          >
            <ForwardRef
              className="navbar-link"
              title="New"
              to="/some-url"
            >
              New
            </ForwardRef>
          </li>,
        ],
        "className": "navbar-nav",
      },
      "ref": null,
      "rendered": Array [
        Object {
          "instance": null,
          "key": undefined,
          "nodeType": "host",
          "props": Object {
            "children": <ForwardRef
              className="navbar-link"
              title="Top"
              to="/"
            >
              Top
            </ForwardRef>,
            "className": "navbar-item",
          },
          "ref": null,
          "rendered": Object {
            "instance": null,
            "key": undefined,
            "nodeType": "function",
            "props": Object {
              "children": "Top",
              "className": "navbar-link",
              "title": "Top",
              "to": "/",
            },
            "ref": null,
            "rendered": "Top",
            "type": Object {
              "$$typeof": Symbol(react.forward_ref),
              "displayName": "NavLink",
              "propTypes": Object {
                "activeClassName": [Function],
                "activeStyle": [Function],
                "aria-current": [Function],
                "className": [Function],
                "exact": [Function],
                "innerRef": [Function],
                "isActive": [Function],
                "location": [Function],
                "onClick": [Function],
                "replace": [Function],
                "strict": [Function],
                "style": [Function],
                "target": [Function],
                "to": [Function],
              },
              "render": [Function],
            },
          },
          "type": "li",
        },
        Object {
          "instance": null,
          "key": undefined,
          "nodeType": "host",
          "props": Object {
            "children": <ForwardRef
              className="navbar-link"
              title="New"
              to="/some-url"
            >
              New
            </ForwardRef>,
            "className": "navbar-item",
          },
          "ref": null,
          "rendered": Object {
            "instance": null,
            "key": undefined,
            "nodeType": "function",
            "props": Object {
              "children": "New",
              "className": "navbar-link",
              "title": "New",
              "to": "/some-url",
            },
            "ref": null,
            "rendered": "New",
            "type": Object {
              "$$typeof": Symbol(react.forward_ref),
              "displayName": "NavLink",
              "propTypes": Object {
                "activeClassName": [Function],
                "activeStyle": [Function],
                "aria-current": [Function],
                "className": [Function],
                "exact": [Function],
                "innerRef": [Function],
                "isActive": [Function],
                "location": [Function],
                "onClick": [Function],
                "replace": [Function],
                "strict": [Function],
                "style": [Function],
                "target": [Function],
                "to": [Function],
              },
              "render": [Function],
            },
          },
          "type": "li",
        },
      ],
      "type": "ul",
    },
    "type": "nav",
  },
  Symbol(enzyme.__nodes__): Array [
    Object {
      "instance": null,
      "key": undefined,
      "nodeType": "host",
      "props": Object {
        "children": <ul
          className="navbar-nav"
        >
          <li
            className="navbar-item"
          >
            <ForwardRef
              className="navbar-link"
              title="Top"
              to="/"
            >
              Top
            </ForwardRef>
          </li>
          <li
            className="navbar-item"
          >
            <ForwardRef
              className="navbar-link"
              title="New"
              to="/some-url"
            >
              New
            </ForwardRef>
          </li>
        </ul>,
        "className": "navbar",
      },
      "ref": null,
      "rendered": Object {
        "instance": null,
        "key": undefined,
        "nodeType": "host",
        "props": Object {
          "children": Array [
            <li
              className="navbar-item"
            >
              <ForwardRef
                className="navbar-link"
                title="Top"
                to="/"
              >
                Top
              </ForwardRef>
            </li>,
            <li
              className="navbar-item"
            >
              <ForwardRef
                className="navbar-link"
                title="New"
                to="/some-url"
              >
                New
              </ForwardRef>
            </li>,
          ],
          "className": "navbar-nav",
        },
        "ref": null,
        "rendered": Array [
          Object {
            "instance": null,
            "key": undefined,
            "nodeType": "host",
            "props": Object {
              "children": <ForwardRef
                className="navbar-link"
                title="Top"
                to="/"
              >
                Top
              </ForwardRef>,
              "className": "navbar-item",
            },
            "ref": null,
            "rendered": Object {
              "instance": null,
              "key": undefined,
              "nodeType": "function",
              "props": Object {
                "children": "Top",
                "className": "navbar-link",
                "title": "Top",
                "to": "/",
              },
              "ref": null,
              "rendered": "Top",
              "type": Object {
                "$$typeof": Symbol(react.forward_ref),
                "displayName": "NavLink",
                "propTypes": Object {
                  "activeClassName": [Function],
                  "activeStyle": [Function],
                  "aria-current": [Function],
                  "className": [Function],
                  "exact": [Function],
                  "innerRef": [Function],
                  "isActive": [Function],
                  "location": [Function],
                  "onClick": [Function],
                  "replace": [Function],
                  "strict": [Function],
                  "style": [Function],
                  "target": [Function],
                  "to": [Function],
                },
                "render": [Function],
              },
            },
            "type": "li",
          },
          Object {
            "instance": null,
            "key": undefined,
            "nodeType": "host",
            "props": Object {
              "children": <ForwardRef
                className="navbar-link"
                title="New"
                to="/some-url"
              >
                New
              </ForwardRef>,
              "className": "navbar-item",
            },
            "ref": null,
            "rendered": Object {
              "instance": null,
              "key": undefined,
              "nodeType": "function",
              "props": Object {
                "children": "New",
                "className": "navbar-link",
                "title": "New",
                "to": "/some-url",
              },
              "ref": null,
              "rendered": "New",
              "type": Object {
                "$$typeof": Symbol(react.forward_ref),
                "displayName": "NavLink",
                "propTypes": Object {
                  "activeClassName": [Function],
                  "activeStyle": [Function],
                  "aria-current": [Function],
                  "className": [Function],
                  "exact": [Function],
                  "innerRef": [Function],
                  "isActive": [Function],
                  "location": [Function],
                  "onClick": [Function],
                  "replace": [Function],
                  "strict": [Function],
                  "style": [Function],
                  "target": [Function],
                  "to": [Function],
                },
                "render": [Function],
              },
            },
            "type": "li",
          },
        ],
        "type": "ul",
      },
      "type": "nav",
    },
  ],
  Symbol(enzyme.__options__): Object {
    "adapter": ReactSixteenAdapter {
      "options": Object {
        "enableComponentDidUpdateOnSetState": true,
        "legacyContextMode": "parent",
        "lifecycles": Object {
          "componentDidUpdate": Object {
            "onSetState": true,
          },
          "getChildContext": Object {
            "calledByRenderer": false,
          },
          "getDerivedStateFromError": true,
          "getDerivedStateFromProps": Object {
            "hasShouldComponentUpdateBug": false,
          },
          "getSnapshotBeforeUpdate": true,
          "setState": Object {
            "skipsComponentDidUpdateOnNullish": true,
          },
        },
      },
    },
    Symbol(enzyme.__providerValues__): undefined,
  },
  Symbol(enzyme.__providerValues__): Map {},
}
`;
